// Jest Snapshot v1, https://goo.gl/fbAQLP

exports[`render Calculator 1`] = `
<div
  className="cal-card"
>
  <div
    className="math-box"
  >
    0
  </div>
  <div
    className="inputs-card"
  >
    <button
      className="input-tile"
      onClick={[Function]}
      style={
        Object {
          "backgroundColor": undefined,
          "color": null,
          "gridColumn": undefined,
        }
      }
      type="submit"
    >
      AC
    </button>
    <button
      className="input-tile"
      onClick={[Function]}
      style={
        Object {
          "backgroundColor": undefined,
          "color": null,
          "gridColumn": undefined,
        }
      }
      type="submit"
    >
      +/-
    </button>
    <button
      className="input-tile"
      onClick={[Function]}
      style={
        Object {
          "backgroundColor": undefined,
          "color": null,
          "gridColumn": undefined,
        }
      }
      type="submit"
    >
      %
    </button>
    <button
      className="input-tile"
      onClick={[Function]}
      style={
        Object {
          "backgroundColor": "#3d5a80",
          "color": "white",
          "gridColumn": undefined,
        }
      }
      type="submit"
    >
      ÷
    </button>
    <button
      className="input-tile"
      onClick={[Function]}
      style={
        Object {
          "backgroundColor": undefined,
          "color": null,
          "gridColumn": undefined,
        }
      }
      type="submit"
    >
      7
    </button>
    <button
      className="input-tile"
      onClick={[Function]}
      style={
        Object {
          "backgroundColor": undefined,
          "color": null,
          "gridColumn": undefined,
        }
      }
      type="submit"
    >
      8
    </button>
    <button
      className="input-tile"
      onClick={[Function]}
      style={
        Object {
          "backgroundColor": undefined,
          "color": null,
          "gridColumn": undefined,
        }
      }
      type="submit"
    >
      9
    </button>
    <button
      className="input-tile"
      onClick={[Function]}
      style={
        Object {
          "backgroundColor": "#3d5a80",
          "color": "white",
          "gridColumn": undefined,
        }
      }
      type="submit"
    >
      x
    </button>
    <button
      className="input-tile"
      onClick={[Function]}
      style={
        Object {
          "backgroundColor": undefined,
          "color": null,
          "gridColumn": undefined,
        }
      }
      type="submit"
    >
      4
    </button>
    <button
      className="input-tile"
      onClick={[Function]}
      style={
        Object {
          "backgroundColor": undefined,
          "color": null,
          "gridColumn": undefined,
        }
      }
      type="submit"
    >
      5
    </button>
    <button
      className="input-tile"
      onClick={[Function]}
      style={
        Object {
          "backgroundColor": undefined,
          "color": null,
          "gridColumn": undefined,
        }
      }
      type="submit"
    >
      6
    </button>
    <button
      className="input-tile"
      onClick={[Function]}
      style={
        Object {
          "backgroundColor": "#3d5a80",
          "color": "white",
          "gridColumn": undefined,
        }
      }
      type="submit"
    >
      -
    </button>
    <button
      className="input-tile"
      onClick={[Function]}
      style={
        Object {
          "backgroundColor": undefined,
          "color": null,
          "gridColumn": undefined,
        }
      }
      type="submit"
    >
      1
    </button>
    <button
      className="input-tile"
      onClick={[Function]}
      style={
        Object {
          "backgroundColor": undefined,
          "color": null,
          "gridColumn": undefined,
        }
      }
      type="submit"
    >
      2
    </button>
    <button
      className="input-tile"
      onClick={[Function]}
      style={
        Object {
          "backgroundColor": undefined,
          "color": null,
          "gridColumn": undefined,
        }
      }
      type="submit"
    >
      3
    </button>
    <button
      className="input-tile"
      onClick={[Function]}
      style={
        Object {
          "backgroundColor": "#3d5a80",
          "color": "white",
          "gridColumn": undefined,
        }
      }
      type="submit"
    >
      +
    </button>
    <button
      className="input-tile"
      onClick={[Function]}
      style={
        Object {
          "backgroundColor": undefined,
          "color": null,
          "gridColumn": "1/3",
        }
      }
      type="submit"
    >
      0
    </button>
    <button
      className="input-tile"
      onClick={[Function]}
      style={
        Object {
          "backgroundColor": undefined,
          "color": null,
          "gridColumn": undefined,
        }
      }
      type="submit"
    >
      .
    </button>
    <button
      className="input-tile"
      onClick={[Function]}
      style={
        Object {
          "backgroundColor": "#3d5a80",
          "color": "white",
          "gridColumn": undefined,
        }
      }
      type="submit"
    >
      =
    </button>
  </div>
</div>
`;

exports[`render CalculatorPage 1`] = `
<div
  className="cal-card"
>
  <div
    className="math-box"
  >
    0
  </div>
  <div
    className="inputs-card"
  >
    <button
      className="input-tile"
      onClick={[Function]}
      style={
        Object {
          "backgroundColor": undefined,
          "color": null,
          "gridColumn": undefined,
        }
      }
      type="submit"
    >
      AC
    </button>
    <button
      className="input-tile"
      onClick={[Function]}
      style={
        Object {
          "backgroundColor": undefined,
          "color": null,
          "gridColumn": undefined,
        }
      }
      type="submit"
    >
      +/-
    </button>
    <button
      className="input-tile"
      onClick={[Function]}
      style={
        Object {
          "backgroundColor": undefined,
          "color": null,
          "gridColumn": undefined,
        }
      }
      type="submit"
    >
      %
    </button>
    <button
      className="input-tile"
      onClick={[Function]}
      style={
        Object {
          "backgroundColor": "#3d5a80",
          "color": "white",
          "gridColumn": undefined,
        }
      }
      type="submit"
    >
      ÷
    </button>
    <button
      className="input-tile"
      onClick={[Function]}
      style={
        Object {
          "backgroundColor": undefined,
          "color": null,
          "gridColumn": undefined,
        }
      }
      type="submit"
    >
      7
    </button>
    <button
      className="input-tile"
      onClick={[Function]}
      style={
        Object {
          "backgroundColor": undefined,
          "color": null,
          "gridColumn": undefined,
        }
      }
      type="submit"
    >
      8
    </button>
    <button
      className="input-tile"
      onClick={[Function]}
      style={
        Object {
          "backgroundColor": undefined,
          "color": null,
          "gridColumn": undefined,
        }
      }
      type="submit"
    >
      9
    </button>
    <button
      className="input-tile"
      onClick={[Function]}
      style={
        Object {
          "backgroundColor": "#3d5a80",
          "color": "white",
          "gridColumn": undefined,
        }
      }
      type="submit"
    >
      x
    </button>
    <button
      className="input-tile"
      onClick={[Function]}
      style={
        Object {
          "backgroundColor": undefined,
          "color": null,
          "gridColumn": undefined,
        }
      }
      type="submit"
    >
      4
    </button>
    <button
      className="input-tile"
      onClick={[Function]}
      style={
        Object {
          "backgroundColor": undefined,
          "color": null,
          "gridColumn": undefined,
        }
      }
      type="submit"
    >
      5
    </button>
    <button
      className="input-tile"
      onClick={[Function]}
      style={
        Object {
          "backgroundColor": undefined,
          "color": null,
          "gridColumn": undefined,
        }
      }
      type="submit"
    >
      6
    </button>
    <button
      className="input-tile"
      onClick={[Function]}
      style={
        Object {
          "backgroundColor": "#3d5a80",
          "color": "white",
          "gridColumn": undefined,
        }
      }
      type="submit"
    >
      -
    </button>
    <button
      className="input-tile"
      onClick={[Function]}
      style={
        Object {
          "backgroundColor": undefined,
          "color": null,
          "gridColumn": undefined,
        }
      }
      type="submit"
    >
      1
    </button>
    <button
      className="input-tile"
      onClick={[Function]}
      style={
        Object {
          "backgroundColor": undefined,
          "color": null,
          "gridColumn": undefined,
        }
      }
      type="submit"
    >
      2
    </button>
    <button
      className="input-tile"
      onClick={[Function]}
      style={
        Object {
          "backgroundColor": undefined,
          "color": null,
          "gridColumn": undefined,
        }
      }
      type="submit"
    >
      3
    </button>
    <button
      className="input-tile"
      onClick={[Function]}
      style={
        Object {
          "backgroundColor": "#3d5a80",
          "color": "white",
          "gridColumn": undefined,
        }
      }
      type="submit"
    >
      +
    </button>
    <button
      className="input-tile"
      onClick={[Function]}
      style={
        Object {
          "backgroundColor": undefined,
          "color": null,
          "gridColumn": "1/3",
        }
      }
      type="submit"
    >
      0
    </button>
    <button
      className="input-tile"
      onClick={[Function]}
      style={
        Object {
          "backgroundColor": undefined,
          "color": null,
          "gridColumn": undefined,
        }
      }
      type="submit"
    >
      .
    </button>
    <button
      className="input-tile"
      onClick={[Function]}
      style={
        Object {
          "backgroundColor": "#3d5a80",
          "color": "white",
          "gridColumn": undefined,
        }
      }
      type="submit"
    >
      =
    </button>
  </div>
</div>
`;

exports[`renders Calcu 1`] = `
<div
  className="cal-card"
>
  <div
    className="math-box"
  >
    0
  </div>
  <div
    className="inputs-card"
  >
    <button
      className="input-tile"
      onClick={[Function]}
      style={
        Object {
          "backgroundColor": undefined,
          "color": null,
          "gridColumn": undefined,
        }
      }
      type="submit"
    >
      AC
    </button>
    <button
      className="input-tile"
      onClick={[Function]}
      style={
        Object {
          "backgroundColor": undefined,
          "color": null,
          "gridColumn": undefined,
        }
      }
      type="submit"
    >
      +/-
    </button>
    <button
      className="input-tile"
      onClick={[Function]}
      style={
        Object {
          "backgroundColor": undefined,
          "color": null,
          "gridColumn": undefined,
        }
      }
      type="submit"
    >
      %
    </button>
    <button
      className="input-tile"
      onClick={[Function]}
      style={
        Object {
          "backgroundColor": "#3d5a80",
          "color": "white",
          "gridColumn": undefined,
        }
      }
      type="submit"
    >
      ÷
    </button>
    <button
      className="input-tile"
      onClick={[Function]}
      style={
        Object {
          "backgroundColor": undefined,
          "color": null,
          "gridColumn": undefined,
        }
      }
      type="submit"
    >
      7
    </button>
    <button
      className="input-tile"
      onClick={[Function]}
      style={
        Object {
          "backgroundColor": undefined,
          "color": null,
          "gridColumn": undefined,
        }
      }
      type="submit"
    >
      8
    </button>
    <button
      className="input-tile"
      onClick={[Function]}
      style={
        Object {
          "backgroundColor": undefined,
          "color": null,
          "gridColumn": undefined,
        }
      }
      type="submit"
    >
      9
    </button>
    <button
      className="input-tile"
      onClick={[Function]}
      style={
        Object {
          "backgroundColor": "#3d5a80",
          "color": "white",
          "gridColumn": undefined,
        }
      }
      type="submit"
    >
      x
    </button>
    <button
      className="input-tile"
      onClick={[Function]}
      style={
        Object {
          "backgroundColor": undefined,
          "color": null,
          "gridColumn": undefined,
        }
      }
      type="submit"
    >
      4
    </button>
    <button
      className="input-tile"
      onClick={[Function]}
      style={
        Object {
          "backgroundColor": undefined,
          "color": null,
          "gridColumn": undefined,
        }
      }
      type="submit"
    >
      5
    </button>
    <button
      className="input-tile"
      onClick={[Function]}
      style={
        Object {
          "backgroundColor": undefined,
          "color": null,
          "gridColumn": undefined,
        }
      }
      type="submit"
    >
      6
    </button>
    <button
      className="input-tile"
      onClick={[Function]}
      style={
        Object {
          "backgroundColor": "#3d5a80",
          "color": "white",
          "gridColumn": undefined,
        }
      }
      type="submit"
    >
      -
    </button>
    <button
      className="input-tile"
      onClick={[Function]}
      style={
        Object {
          "backgroundColor": undefined,
          "color": null,
          "gridColumn": undefined,
        }
      }
      type="submit"
    >
      1
    </button>
    <button
      className="input-tile"
      onClick={[Function]}
      style={
        Object {
          "backgroundColor": undefined,
          "color": null,
          "gridColumn": undefined,
        }
      }
      type="submit"
    >
      2
    </button>
    <button
      className="input-tile"
      onClick={[Function]}
      style={
        Object {
          "backgroundColor": undefined,
          "color": null,
          "gridColumn": undefined,
        }
      }
      type="submit"
    >
      3
    </button>
    <button
      className="input-tile"
      onClick={[Function]}
      style={
        Object {
          "backgroundColor": "#3d5a80",
          "color": "white",
          "gridColumn": undefined,
        }
      }
      type="submit"
    >
      +
    </button>
    <button
      className="input-tile"
      onClick={[Function]}
      style={
        Object {
          "backgroundColor": undefined,
          "color": null,
          "gridColumn": "1/3",
        }
      }
      type="submit"
    >
      0
    </button>
    <button
      className="input-tile"
      onClick={[Function]}
      style={
        Object {
          "backgroundColor": undefined,
          "color": null,
          "gridColumn": undefined,
        }
      }
      type="submit"
    >
      .
    </button>
    <button
      className="input-tile"
      onClick={[Function]}
      style={
        Object {
          "backgroundColor": "#3d5a80",
          "color": "white",
          "gridColumn": undefined,
        }
      }
      type="submit"
    >
      =
    </button>
  </div>
</div>
`;

exports[`renders Calculator 1`] = `
<div
  className="cal-card"
>
  <div
    className="math-box"
  >
    0
  </div>
  <div
    className="inputs-card"
  >
    <button
      className="input-tile"
      onClick={[Function]}
      style={
        Object {
          "backgroundColor": undefined,
          "color": null,
          "gridColumn": undefined,
        }
      }
      type="submit"
    >
      AC
    </button>
    <button
      className="input-tile"
      onClick={[Function]}
      style={
        Object {
          "backgroundColor": undefined,
          "color": null,
          "gridColumn": undefined,
        }
      }
      type="submit"
    >
      +/-
    </button>
    <button
      className="input-tile"
      onClick={[Function]}
      style={
        Object {
          "backgroundColor": undefined,
          "color": null,
          "gridColumn": undefined,
        }
      }
      type="submit"
    >
      %
    </button>
    <button
      className="input-tile"
      onClick={[Function]}
      style={
        Object {
          "backgroundColor": "#3d5a80",
          "color": "white",
          "gridColumn": undefined,
        }
      }
      type="submit"
    >
      ÷
    </button>
    <button
      className="input-tile"
      onClick={[Function]}
      style={
        Object {
          "backgroundColor": undefined,
          "color": null,
          "gridColumn": undefined,
        }
      }
      type="submit"
    >
      7
    </button>
    <button
      className="input-tile"
      onClick={[Function]}
      style={
        Object {
          "backgroundColor": undefined,
          "color": null,
          "gridColumn": undefined,
        }
      }
      type="submit"
    >
      8
    </button>
    <button
      className="input-tile"
      onClick={[Function]}
      style={
        Object {
          "backgroundColor": undefined,
          "color": null,
          "gridColumn": undefined,
        }
      }
      type="submit"
    >
      9
    </button>
    <button
      className="input-tile"
      onClick={[Function]}
      style={
        Object {
          "backgroundColor": "#3d5a80",
          "color": "white",
          "gridColumn": undefined,
        }
      }
      type="submit"
    >
      x
    </button>
    <button
      className="input-tile"
      onClick={[Function]}
      style={
        Object {
          "backgroundColor": undefined,
          "color": null,
          "gridColumn": undefined,
        }
      }
      type="submit"
    >
      4
    </button>
    <button
      className="input-tile"
      onClick={[Function]}
      style={
        Object {
          "backgroundColor": undefined,
          "color": null,
          "gridColumn": undefined,
        }
      }
      type="submit"
    >
      5
    </button>
    <button
      className="input-tile"
      onClick={[Function]}
      style={
        Object {
          "backgroundColor": undefined,
          "color": null,
          "gridColumn": undefined,
        }
      }
      type="submit"
    >
      6
    </button>
    <button
      className="input-tile"
      onClick={[Function]}
      style={
        Object {
          "backgroundColor": "#3d5a80",
          "color": "white",
          "gridColumn": undefined,
        }
      }
      type="submit"
    >
      -
    </button>
    <button
      className="input-tile"
      onClick={[Function]}
      style={
        Object {
          "backgroundColor": undefined,
          "color": null,
          "gridColumn": undefined,
        }
      }
      type="submit"
    >
      1
    </button>
    <button
      className="input-tile"
      onClick={[Function]}
      style={
        Object {
          "backgroundColor": undefined,
          "color": null,
          "gridColumn": undefined,
        }
      }
      type="submit"
    >
      2
    </button>
    <button
      className="input-tile"
      onClick={[Function]}
      style={
        Object {
          "backgroundColor": undefined,
          "color": null,
          "gridColumn": undefined,
        }
      }
      type="submit"
    >
      3
    </button>
    <button
      className="input-tile"
      onClick={[Function]}
      style={
        Object {
          "backgroundColor": "#3d5a80",
          "color": "white",
          "gridColumn": undefined,
        }
      }
      type="submit"
    >
      +
    </button>
    <button
      className="input-tile"
      onClick={[Function]}
      style={
        Object {
          "backgroundColor": undefined,
          "color": null,
          "gridColumn": "1/3",
        }
      }
      type="submit"
    >
      0
    </button>
    <button
      className="input-tile"
      onClick={[Function]}
      style={
        Object {
          "backgroundColor": undefined,
          "color": null,
          "gridColumn": undefined,
        }
      }
      type="submit"
    >
      .
    </button>
    <button
      className="input-tile"
      onClick={[Function]}
      style={
        Object {
          "backgroundColor": "#3d5a80",
          "color": "white",
          "gridColumn": undefined,
        }
      }
      type="submit"
    >
      =
    </button>
  </div>
</div>
`;

exports[`renders Calculator 2`] = `
<div
  className="cal-card"
>
  <div
    className="math-box"
  >
    0
  </div>
  <div
    className="inputs-card"
  >
    <button
      className="input-tile"
      onClick={[Function]}
      style={
        Object {
          "backgroundColor": undefined,
          "color": null,
          "gridColumn": undefined,
        }
      }
      type="submit"
    >
      AC
    </button>
    <button
      className="input-tile"
      onClick={[Function]}
      style={
        Object {
          "backgroundColor": undefined,
          "color": null,
          "gridColumn": undefined,
        }
      }
      type="submit"
    >
      +/-
    </button>
    <button
      className="input-tile"
      onClick={[Function]}
      style={
        Object {
          "backgroundColor": undefined,
          "color": null,
          "gridColumn": undefined,
        }
      }
      type="submit"
    >
      %
    </button>
    <button
      className="input-tile"
      onClick={[Function]}
      style={
        Object {
          "backgroundColor": "#3d5a80",
          "color": "white",
          "gridColumn": undefined,
        }
      }
      type="submit"
    >
      ÷
    </button>
    <button
      className="input-tile"
      onClick={[Function]}
      style={
        Object {
          "backgroundColor": undefined,
          "color": null,
          "gridColumn": undefined,
        }
      }
      type="submit"
    >
      7
    </button>
    <button
      className="input-tile"
      onClick={[Function]}
      style={
        Object {
          "backgroundColor": undefined,
          "color": null,
          "gridColumn": undefined,
        }
      }
      type="submit"
    >
      8
    </button>
    <button
      className="input-tile"
      onClick={[Function]}
      style={
        Object {
          "backgroundColor": undefined,
          "color": null,
          "gridColumn": undefined,
        }
      }
      type="submit"
    >
      9
    </button>
    <button
      className="input-tile"
      onClick={[Function]}
      style={
        Object {
          "backgroundColor": "#3d5a80",
          "color": "white",
          "gridColumn": undefined,
        }
      }
      type="submit"
    >
      x
    </button>
    <button
      className="input-tile"
      onClick={[Function]}
      style={
        Object {
          "backgroundColor": undefined,
          "color": null,
          "gridColumn": undefined,
        }
      }
      type="submit"
    >
      4
    </button>
    <button
      className="input-tile"
      onClick={[Function]}
      style={
        Object {
          "backgroundColor": undefined,
          "color": null,
          "gridColumn": undefined,
        }
      }
      type="submit"
    >
      5
    </button>
    <button
      className="input-tile"
      onClick={[Function]}
      style={
        Object {
          "backgroundColor": undefined,
          "color": null,
          "gridColumn": undefined,
        }
      }
      type="submit"
    >
      6
    </button>
    <button
      className="input-tile"
      onClick={[Function]}
      style={
        Object {
          "backgroundColor": "#3d5a80",
          "color": "white",
          "gridColumn": undefined,
        }
      }
      type="submit"
    >
      -
    </button>
    <button
      className="input-tile"
      onClick={[Function]}
      style={
        Object {
          "backgroundColor": undefined,
          "color": null,
          "gridColumn": undefined,
        }
      }
      type="submit"
    >
      1
    </button>
    <button
      className="input-tile"
      onClick={[Function]}
      style={
        Object {
          "backgroundColor": undefined,
          "color": null,
          "gridColumn": undefined,
        }
      }
      type="submit"
    >
      2
    </button>
    <button
      className="input-tile"
      onClick={[Function]}
      style={
        Object {
          "backgroundColor": undefined,
          "color": null,
          "gridColumn": undefined,
        }
      }
      type="submit"
    >
      3
    </button>
    <button
      className="input-tile"
      onClick={[Function]}
      style={
        Object {
          "backgroundColor": "#3d5a80",
          "color": "white",
          "gridColumn": undefined,
        }
      }
      type="submit"
    >
      +
    </button>
    <button
      className="input-tile"
      onClick={[Function]}
      style={
        Object {
          "backgroundColor": undefined,
          "color": null,
          "gridColumn": "1/3",
        }
      }
      type="submit"
    >
      0
    </button>
    <button
      className="input-tile"
      onClick={[Function]}
      style={
        Object {
          "backgroundColor": undefined,
          "color": null,
          "gridColumn": undefined,
        }
      }
      type="submit"
    >
      .
    </button>
    <button
      className="input-tile"
      onClick={[Function]}
      style={
        Object {
          "backgroundColor": "#3d5a80",
          "color": "white",
          "gridColumn": undefined,
        }
      }
      type="submit"
    >
      =
    </button>
  </div>
</div>
`;

exports[`renders Calculator Solution Box 1`] = `
<div
  className="cal-card"
>
  <div
    className="math-box"
  >
    0
  </div>
  <div
    className="inputs-card"
  >
    <button
      className="input-tile"
      onClick={[Function]}
      style={
        Object {
          "backgroundColor": undefined,
          "color": null,
          "gridColumn": undefined,
        }
      }
      type="submit"
    >
      AC
    </button>
    <button
      className="input-tile"
      onClick={[Function]}
      style={
        Object {
          "backgroundColor": undefined,
          "color": null,
          "gridColumn": undefined,
        }
      }
      type="submit"
    >
      +/-
    </button>
    <button
      className="input-tile"
      onClick={[Function]}
      style={
        Object {
          "backgroundColor": undefined,
          "color": null,
          "gridColumn": undefined,
        }
      }
      type="submit"
    >
      %
    </button>
    <button
      className="input-tile"
      onClick={[Function]}
      style={
        Object {
          "backgroundColor": "#3d5a80",
          "color": "white",
          "gridColumn": undefined,
        }
      }
      type="submit"
    >
      ÷
    </button>
    <button
      className="input-tile"
      onClick={[Function]}
      style={
        Object {
          "backgroundColor": undefined,
          "color": null,
          "gridColumn": undefined,
        }
      }
      type="submit"
    >
      7
    </button>
    <button
      className="input-tile"
      onClick={[Function]}
      style={
        Object {
          "backgroundColor": undefined,
          "color": null,
          "gridColumn": undefined,
        }
      }
      type="submit"
    >
      8
    </button>
    <button
      className="input-tile"
      onClick={[Function]}
      style={
        Object {
          "backgroundColor": undefined,
          "color": null,
          "gridColumn": undefined,
        }
      }
      type="submit"
    >
      9
    </button>
    <button
      className="input-tile"
      onClick={[Function]}
      style={
        Object {
          "backgroundColor": "#3d5a80",
          "color": "white",
          "gridColumn": undefined,
        }
      }
      type="submit"
    >
      x
    </button>
    <button
      className="input-tile"
      onClick={[Function]}
      style={
        Object {
          "backgroundColor": undefined,
          "color": null,
          "gridColumn": undefined,
        }
      }
      type="submit"
    >
      4
    </button>
    <button
      className="input-tile"
      onClick={[Function]}
      style={
        Object {
          "backgroundColor": undefined,
          "color": null,
          "gridColumn": undefined,
        }
      }
      type="submit"
    >
      5
    </button>
    <button
      className="input-tile"
      onClick={[Function]}
      style={
        Object {
          "backgroundColor": undefined,
          "color": null,
          "gridColumn": undefined,
        }
      }
      type="submit"
    >
      6
    </button>
    <button
      className="input-tile"
      onClick={[Function]}
      style={
        Object {
          "backgroundColor": "#3d5a80",
          "color": "white",
          "gridColumn": undefined,
        }
      }
      type="submit"
    >
      -
    </button>
    <button
      className="input-tile"
      onClick={[Function]}
      style={
        Object {
          "backgroundColor": undefined,
          "color": null,
          "gridColumn": undefined,
        }
      }
      type="submit"
    >
      1
    </button>
    <button
      className="input-tile"
      onClick={[Function]}
      style={
        Object {
          "backgroundColor": undefined,
          "color": null,
          "gridColumn": undefined,
        }
      }
      type="submit"
    >
      2
    </button>
    <button
      className="input-tile"
      onClick={[Function]}
      style={
        Object {
          "backgroundColor": undefined,
          "color": null,
          "gridColumn": undefined,
        }
      }
      type="submit"
    >
      3
    </button>
    <button
      className="input-tile"
      onClick={[Function]}
      style={
        Object {
          "backgroundColor": "#3d5a80",
          "color": "white",
          "gridColumn": undefined,
        }
      }
      type="submit"
    >
      +
    </button>
    <button
      className="input-tile"
      onClick={[Function]}
      style={
        Object {
          "backgroundColor": undefined,
          "color": null,
          "gridColumn": "1/3",
        }
      }
      type="submit"
    >
      0
    </button>
    <button
      className="input-tile"
      onClick={[Function]}
      style={
        Object {
          "backgroundColor": undefined,
          "color": null,
          "gridColumn": undefined,
        }
      }
      type="submit"
    >
      .
    </button>
    <button
      className="input-tile"
      onClick={[Function]}
      style={
        Object {
          "backgroundColor": "#3d5a80",
          "color": "white",
          "gridColumn": undefined,
        }
      }
      type="submit"
    >
      =
    </button>
  </div>
</div>
`;

exports[`renders Calculator input  1`] = `
<div
  className="cal-card"
>
  <div
    className="math-box"
  >
    0
  </div>
  <div
    className="inputs-card"
  >
    <button
      className="input-tile"
      onClick={[Function]}
      style={
        Object {
          "backgroundColor": undefined,
          "color": null,
          "gridColumn": undefined,
        }
      }
      type="submit"
    >
      AC
    </button>
    <button
      className="input-tile"
      onClick={[Function]}
      style={
        Object {
          "backgroundColor": undefined,
          "color": null,
          "gridColumn": undefined,
        }
      }
      type="submit"
    >
      +/-
    </button>
    <button
      className="input-tile"
      onClick={[Function]}
      style={
        Object {
          "backgroundColor": undefined,
          "color": null,
          "gridColumn": undefined,
        }
      }
      type="submit"
    >
      %
    </button>
    <button
      className="input-tile"
      onClick={[Function]}
      style={
        Object {
          "backgroundColor": "#3d5a80",
          "color": "white",
          "gridColumn": undefined,
        }
      }
      type="submit"
    >
      ÷
    </button>
    <button
      className="input-tile"
      onClick={[Function]}
      style={
        Object {
          "backgroundColor": undefined,
          "color": null,
          "gridColumn": undefined,
        }
      }
      type="submit"
    >
      7
    </button>
    <button
      className="input-tile"
      onClick={[Function]}
      style={
        Object {
          "backgroundColor": undefined,
          "color": null,
          "gridColumn": undefined,
        }
      }
      type="submit"
    >
      8
    </button>
    <button
      className="input-tile"
      onClick={[Function]}
      style={
        Object {
          "backgroundColor": undefined,
          "color": null,
          "gridColumn": undefined,
        }
      }
      type="submit"
    >
      9
    </button>
    <button
      className="input-tile"
      onClick={[Function]}
      style={
        Object {
          "backgroundColor": "#3d5a80",
          "color": "white",
          "gridColumn": undefined,
        }
      }
      type="submit"
    >
      x
    </button>
    <button
      className="input-tile"
      onClick={[Function]}
      style={
        Object {
          "backgroundColor": undefined,
          "color": null,
          "gridColumn": undefined,
        }
      }
      type="submit"
    >
      4
    </button>
    <button
      className="input-tile"
      onClick={[Function]}
      style={
        Object {
          "backgroundColor": undefined,
          "color": null,
          "gridColumn": undefined,
        }
      }
      type="submit"
    >
      5
    </button>
    <button
      className="input-tile"
      onClick={[Function]}
      style={
        Object {
          "backgroundColor": undefined,
          "color": null,
          "gridColumn": undefined,
        }
      }
      type="submit"
    >
      6
    </button>
    <button
      className="input-tile"
      onClick={[Function]}
      style={
        Object {
          "backgroundColor": "#3d5a80",
          "color": "white",
          "gridColumn": undefined,
        }
      }
      type="submit"
    >
      -
    </button>
    <button
      className="input-tile"
      onClick={[Function]}
      style={
        Object {
          "backgroundColor": undefined,
          "color": null,
          "gridColumn": undefined,
        }
      }
      type="submit"
    >
      1
    </button>
    <button
      className="input-tile"
      onClick={[Function]}
      style={
        Object {
          "backgroundColor": undefined,
          "color": null,
          "gridColumn": undefined,
        }
      }
      type="submit"
    >
      2
    </button>
    <button
      className="input-tile"
      onClick={[Function]}
      style={
        Object {
          "backgroundColor": undefined,
          "color": null,
          "gridColumn": undefined,
        }
      }
      type="submit"
    >
      3
    </button>
    <button
      className="input-tile"
      onClick={[Function]}
      style={
        Object {
          "backgroundColor": "#3d5a80",
          "color": "white",
          "gridColumn": undefined,
        }
      }
      type="submit"
    >
      +
    </button>
    <button
      className="input-tile"
      onClick={[Function]}
      style={
        Object {
          "backgroundColor": undefined,
          "color": null,
          "gridColumn": "1/3",
        }
      }
      type="submit"
    >
      0
    </button>
    <button
      className="input-tile"
      onClick={[Function]}
      style={
        Object {
          "backgroundColor": undefined,
          "color": null,
          "gridColumn": undefined,
        }
      }
      type="submit"
    >
      .
    </button>
    <button
      className="input-tile"
      onClick={[Function]}
      style={
        Object {
          "backgroundColor": "#3d5a80",
          "color": "white",
          "gridColumn": undefined,
        }
      }
      type="submit"
    >
      =
    </button>
  </div>
</div>
`;

exports[`renders Calculator inputTile 1`] = `
<div
  className="cal-card"
>
  <div
    className="math-box"
  >
    0
  </div>
  <div
    className="inputs-card"
  >
    <button
      className="input-tile"
      onClick={[Function]}
      style={
        Object {
          "backgroundColor": undefined,
          "color": null,
          "gridColumn": undefined,
        }
      }
      type="submit"
    >
      AC
    </button>
    <button
      className="input-tile"
      onClick={[Function]}
      style={
        Object {
          "backgroundColor": undefined,
          "color": null,
          "gridColumn": undefined,
        }
      }
      type="submit"
    >
      +/-
    </button>
    <button
      className="input-tile"
      onClick={[Function]}
      style={
        Object {
          "backgroundColor": undefined,
          "color": null,
          "gridColumn": undefined,
        }
      }
      type="submit"
    >
      %
    </button>
    <button
      className="input-tile"
      onClick={[Function]}
      style={
        Object {
          "backgroundColor": "#3d5a80",
          "color": "white",
          "gridColumn": undefined,
        }
      }
      type="submit"
    >
      ÷
    </button>
    <button
      className="input-tile"
      onClick={[Function]}
      style={
        Object {
          "backgroundColor": undefined,
          "color": null,
          "gridColumn": undefined,
        }
      }
      type="submit"
    >
      7
    </button>
    <button
      className="input-tile"
      onClick={[Function]}
      style={
        Object {
          "backgroundColor": undefined,
          "color": null,
          "gridColumn": undefined,
        }
      }
      type="submit"
    >
      8
    </button>
    <button
      className="input-tile"
      onClick={[Function]}
      style={
        Object {
          "backgroundColor": undefined,
          "color": null,
          "gridColumn": undefined,
        }
      }
      type="submit"
    >
      9
    </button>
    <button
      className="input-tile"
      onClick={[Function]}
      style={
        Object {
          "backgroundColor": "#3d5a80",
          "color": "white",
          "gridColumn": undefined,
        }
      }
      type="submit"
    >
      x
    </button>
    <button
      className="input-tile"
      onClick={[Function]}
      style={
        Object {
          "backgroundColor": undefined,
          "color": null,
          "gridColumn": undefined,
        }
      }
      type="submit"
    >
      4
    </button>
    <button
      className="input-tile"
      onClick={[Function]}
      style={
        Object {
          "backgroundColor": undefined,
          "color": null,
          "gridColumn": undefined,
        }
      }
      type="submit"
    >
      5
    </button>
    <button
      className="input-tile"
      onClick={[Function]}
      style={
        Object {
          "backgroundColor": undefined,
          "color": null,
          "gridColumn": undefined,
        }
      }
      type="submit"
    >
      6
    </button>
    <button
      className="input-tile"
      onClick={[Function]}
      style={
        Object {
          "backgroundColor": "#3d5a80",
          "color": "white",
          "gridColumn": undefined,
        }
      }
      type="submit"
    >
      -
    </button>
    <button
      className="input-tile"
      onClick={[Function]}
      style={
        Object {
          "backgroundColor": undefined,
          "color": null,
          "gridColumn": undefined,
        }
      }
      type="submit"
    >
      1
    </button>
    <button
      className="input-tile"
      onClick={[Function]}
      style={
        Object {
          "backgroundColor": undefined,
          "color": null,
          "gridColumn": undefined,
        }
      }
      type="submit"
    >
      2
    </button>
    <button
      className="input-tile"
      onClick={[Function]}
      style={
        Object {
          "backgroundColor": undefined,
          "color": null,
          "gridColumn": undefined,
        }
      }
      type="submit"
    >
      3
    </button>
    <button
      className="input-tile"
      onClick={[Function]}
      style={
        Object {
          "backgroundColor": "#3d5a80",
          "color": "white",
          "gridColumn": undefined,
        }
      }
      type="submit"
    >
      +
    </button>
    <button
      className="input-tile"
      onClick={[Function]}
      style={
        Object {
          "backgroundColor": undefined,
          "color": null,
          "gridColumn": "1/3",
        }
      }
      type="submit"
    >
      0
    </button>
    <button
      className="input-tile"
      onClick={[Function]}
      style={
        Object {
          "backgroundColor": undefined,
          "color": null,
          "gridColumn": undefined,
        }
      }
      type="submit"
    >
      .
    </button>
    <button
      className="input-tile"
      onClick={[Function]}
      style={
        Object {
          "backgroundColor": "#3d5a80",
          "color": "white",
          "gridColumn": undefined,
        }
      }
      type="submit"
    >
      =
    </button>
  </div>
</div>
`;

exports[`renders CalculatorPage 1`] = `
<div
  className="cal-card"
>
  <div
    className="math-box"
  >
    0
  </div>
  <div
    className="inputs-card"
  >
    <button
      className="input-tile"
      onClick={[Function]}
      style={
        Object {
          "backgroundColor": undefined,
          "color": null,
          "gridColumn": undefined,
        }
      }
      type="submit"
    >
      AC
    </button>
    <button
      className="input-tile"
      onClick={[Function]}
      style={
        Object {
          "backgroundColor": undefined,
          "color": null,
          "gridColumn": undefined,
        }
      }
      type="submit"
    >
      +/-
    </button>
    <button
      className="input-tile"
      onClick={[Function]}
      style={
        Object {
          "backgroundColor": undefined,
          "color": null,
          "gridColumn": undefined,
        }
      }
      type="submit"
    >
      %
    </button>
    <button
      className="input-tile"
      onClick={[Function]}
      style={
        Object {
          "backgroundColor": "#3d5a80",
          "color": "white",
          "gridColumn": undefined,
        }
      }
      type="submit"
    >
      ÷
    </button>
    <button
      className="input-tile"
      onClick={[Function]}
      style={
        Object {
          "backgroundColor": undefined,
          "color": null,
          "gridColumn": undefined,
        }
      }
      type="submit"
    >
      7
    </button>
    <button
      className="input-tile"
      onClick={[Function]}
      style={
        Object {
          "backgroundColor": undefined,
          "color": null,
          "gridColumn": undefined,
        }
      }
      type="submit"
    >
      8
    </button>
    <button
      className="input-tile"
      onClick={[Function]}
      style={
        Object {
          "backgroundColor": undefined,
          "color": null,
          "gridColumn": undefined,
        }
      }
      type="submit"
    >
      9
    </button>
    <button
      className="input-tile"
      onClick={[Function]}
      style={
        Object {
          "backgroundColor": "#3d5a80",
          "color": "white",
          "gridColumn": undefined,
        }
      }
      type="submit"
    >
      x
    </button>
    <button
      className="input-tile"
      onClick={[Function]}
      style={
        Object {
          "backgroundColor": undefined,
          "color": null,
          "gridColumn": undefined,
        }
      }
      type="submit"
    >
      4
    </button>
    <button
      className="input-tile"
      onClick={[Function]}
      style={
        Object {
          "backgroundColor": undefined,
          "color": null,
          "gridColumn": undefined,
        }
      }
      type="submit"
    >
      5
    </button>
    <button
      className="input-tile"
      onClick={[Function]}
      style={
        Object {
          "backgroundColor": undefined,
          "color": null,
          "gridColumn": undefined,
        }
      }
      type="submit"
    >
      6
    </button>
    <button
      className="input-tile"
      onClick={[Function]}
      style={
        Object {
          "backgroundColor": "#3d5a80",
          "color": "white",
          "gridColumn": undefined,
        }
      }
      type="submit"
    >
      -
    </button>
    <button
      className="input-tile"
      onClick={[Function]}
      style={
        Object {
          "backgroundColor": undefined,
          "color": null,
          "gridColumn": undefined,
        }
      }
      type="submit"
    >
      1
    </button>
    <button
      className="input-tile"
      onClick={[Function]}
      style={
        Object {
          "backgroundColor": undefined,
          "color": null,
          "gridColumn": undefined,
        }
      }
      type="submit"
    >
      2
    </button>
    <button
      className="input-tile"
      onClick={[Function]}
      style={
        Object {
          "backgroundColor": undefined,
          "color": null,
          "gridColumn": undefined,
        }
      }
      type="submit"
    >
      3
    </button>
    <button
      className="input-tile"
      onClick={[Function]}
      style={
        Object {
          "backgroundColor": "#3d5a80",
          "color": "white",
          "gridColumn": undefined,
        }
      }
      type="submit"
    >
      +
    </button>
    <button
      className="input-tile"
      onClick={[Function]}
      style={
        Object {
          "backgroundColor": undefined,
          "color": null,
          "gridColumn": "1/3",
        }
      }
      type="submit"
    >
      0
    </button>
    <button
      className="input-tile"
      onClick={[Function]}
      style={
        Object {
          "backgroundColor": undefined,
          "color": null,
          "gridColumn": undefined,
        }
      }
      type="submit"
    >
      .
    </button>
    <button
      className="input-tile"
      onClick={[Function]}
      style={
        Object {
          "backgroundColor": "#3d5a80",
          "color": "white",
          "gridColumn": undefined,
        }
      }
      type="submit"
    >
      =
    </button>
  </div>
</div>
`;

exports[`renders Page Header 1`] = `
<div
  className="cal-card"
>
  <div
    className="math-box"
  >
    0
  </div>
  <div
    className="inputs-card"
  >
    <button
      className="input-tile"
      onClick={[Function]}
      style={
        Object {
          "backgroundColor": undefined,
          "color": null,
          "gridColumn": undefined,
        }
      }
      type="submit"
    >
      AC
    </button>
    <button
      className="input-tile"
      onClick={[Function]}
      style={
        Object {
          "backgroundColor": undefined,
          "color": null,
          "gridColumn": undefined,
        }
      }
      type="submit"
    >
      +/-
    </button>
    <button
      className="input-tile"
      onClick={[Function]}
      style={
        Object {
          "backgroundColor": undefined,
          "color": null,
          "gridColumn": undefined,
        }
      }
      type="submit"
    >
      %
    </button>
    <button
      className="input-tile"
      onClick={[Function]}
      style={
        Object {
          "backgroundColor": "#3d5a80",
          "color": "white",
          "gridColumn": undefined,
        }
      }
      type="submit"
    >
      ÷
    </button>
    <button
      className="input-tile"
      onClick={[Function]}
      style={
        Object {
          "backgroundColor": undefined,
          "color": null,
          "gridColumn": undefined,
        }
      }
      type="submit"
    >
      7
    </button>
    <button
      className="input-tile"
      onClick={[Function]}
      style={
        Object {
          "backgroundColor": undefined,
          "color": null,
          "gridColumn": undefined,
        }
      }
      type="submit"
    >
      8
    </button>
    <button
      className="input-tile"
      onClick={[Function]}
      style={
        Object {
          "backgroundColor": undefined,
          "color": null,
          "gridColumn": undefined,
        }
      }
      type="submit"
    >
      9
    </button>
    <button
      className="input-tile"
      onClick={[Function]}
      style={
        Object {
          "backgroundColor": "#3d5a80",
          "color": "white",
          "gridColumn": undefined,
        }
      }
      type="submit"
    >
      x
    </button>
    <button
      className="input-tile"
      onClick={[Function]}
      style={
        Object {
          "backgroundColor": undefined,
          "color": null,
          "gridColumn": undefined,
        }
      }
      type="submit"
    >
      4
    </button>
    <button
      className="input-tile"
      onClick={[Function]}
      style={
        Object {
          "backgroundColor": undefined,
          "color": null,
          "gridColumn": undefined,
        }
      }
      type="submit"
    >
      5
    </button>
    <button
      className="input-tile"
      onClick={[Function]}
      style={
        Object {
          "backgroundColor": undefined,
          "color": null,
          "gridColumn": undefined,
        }
      }
      type="submit"
    >
      6
    </button>
    <button
      className="input-tile"
      onClick={[Function]}
      style={
        Object {
          "backgroundColor": "#3d5a80",
          "color": "white",
          "gridColumn": undefined,
        }
      }
      type="submit"
    >
      -
    </button>
    <button
      className="input-tile"
      onClick={[Function]}
      style={
        Object {
          "backgroundColor": undefined,
          "color": null,
          "gridColumn": undefined,
        }
      }
      type="submit"
    >
      1
    </button>
    <button
      className="input-tile"
      onClick={[Function]}
      style={
        Object {
          "backgroundColor": undefined,
          "color": null,
          "gridColumn": undefined,
        }
      }
      type="submit"
    >
      2
    </button>
    <button
      className="input-tile"
      onClick={[Function]}
      style={
        Object {
          "backgroundColor": undefined,
          "color": null,
          "gridColumn": undefined,
        }
      }
      type="submit"
    >
      3
    </button>
    <button
      className="input-tile"
      onClick={[Function]}
      style={
        Object {
          "backgroundColor": "#3d5a80",
          "color": "white",
          "gridColumn": undefined,
        }
      }
      type="submit"
    >
      +
    </button>
    <button
      className="input-tile"
      onClick={[Function]}
      style={
        Object {
          "backgroundColor": undefined,
          "color": null,
          "gridColumn": "1/3",
        }
      }
      type="submit"
    >
      0
    </button>
    <button
      className="input-tile"
      onClick={[Function]}
      style={
        Object {
          "backgroundColor": undefined,
          "color": null,
          "gridColumn": undefined,
        }
      }
      type="submit"
    >
      .
    </button>
    <button
      className="input-tile"
      onClick={[Function]}
      style={
        Object {
          "backgroundColor": "#3d5a80",
          "color": "white",
          "gridColumn": undefined,
        }
      }
      type="submit"
    >
      =
    </button>
  </div>
</div>
`;

exports[`renders Page hHeader 1`] = `
<div
  className="cal-card"
>
  <div
    className="math-box"
  >
    0
  </div>
  <div
    className="inputs-card"
  >
    <button
      className="input-tile"
      onClick={[Function]}
      style={
        Object {
          "backgroundColor": undefined,
          "color": null,
          "gridColumn": undefined,
        }
      }
      type="submit"
    >
      AC
    </button>
    <button
      className="input-tile"
      onClick={[Function]}
      style={
        Object {
          "backgroundColor": undefined,
          "color": null,
          "gridColumn": undefined,
        }
      }
      type="submit"
    >
      +/-
    </button>
    <button
      className="input-tile"
      onClick={[Function]}
      style={
        Object {
          "backgroundColor": undefined,
          "color": null,
          "gridColumn": undefined,
        }
      }
      type="submit"
    >
      %
    </button>
    <button
      className="input-tile"
      onClick={[Function]}
      style={
        Object {
          "backgroundColor": "#3d5a80",
          "color": "white",
          "gridColumn": undefined,
        }
      }
      type="submit"
    >
      ÷
    </button>
    <button
      className="input-tile"
      onClick={[Function]}
      style={
        Object {
          "backgroundColor": undefined,
          "color": null,
          "gridColumn": undefined,
        }
      }
      type="submit"
    >
      7
    </button>
    <button
      className="input-tile"
      onClick={[Function]}
      style={
        Object {
          "backgroundColor": undefined,
          "color": null,
          "gridColumn": undefined,
        }
      }
      type="submit"
    >
      8
    </button>
    <button
      className="input-tile"
      onClick={[Function]}
      style={
        Object {
          "backgroundColor": undefined,
          "color": null,
          "gridColumn": undefined,
        }
      }
      type="submit"
    >
      9
    </button>
    <button
      className="input-tile"
      onClick={[Function]}
      style={
        Object {
          "backgroundColor": "#3d5a80",
          "color": "white",
          "gridColumn": undefined,
        }
      }
      type="submit"
    >
      x
    </button>
    <button
      className="input-tile"
      onClick={[Function]}
      style={
        Object {
          "backgroundColor": undefined,
          "color": null,
          "gridColumn": undefined,
        }
      }
      type="submit"
    >
      4
    </button>
    <button
      className="input-tile"
      onClick={[Function]}
      style={
        Object {
          "backgroundColor": undefined,
          "color": null,
          "gridColumn": undefined,
        }
      }
      type="submit"
    >
      5
    </button>
    <button
      className="input-tile"
      onClick={[Function]}
      style={
        Object {
          "backgroundColor": undefined,
          "color": null,
          "gridColumn": undefined,
        }
      }
      type="submit"
    >
      6
    </button>
    <button
      className="input-tile"
      onClick={[Function]}
      style={
        Object {
          "backgroundColor": "#3d5a80",
          "color": "white",
          "gridColumn": undefined,
        }
      }
      type="submit"
    >
      -
    </button>
    <button
      className="input-tile"
      onClick={[Function]}
      style={
        Object {
          "backgroundColor": undefined,
          "color": null,
          "gridColumn": undefined,
        }
      }
      type="submit"
    >
      1
    </button>
    <button
      className="input-tile"
      onClick={[Function]}
      style={
        Object {
          "backgroundColor": undefined,
          "color": null,
          "gridColumn": undefined,
        }
      }
      type="submit"
    >
      2
    </button>
    <button
      className="input-tile"
      onClick={[Function]}
      style={
        Object {
          "backgroundColor": undefined,
          "color": null,
          "gridColumn": undefined,
        }
      }
      type="submit"
    >
      3
    </button>
    <button
      className="input-tile"
      onClick={[Function]}
      style={
        Object {
          "backgroundColor": "#3d5a80",
          "color": "white",
          "gridColumn": undefined,
        }
      }
      type="submit"
    >
      +
    </button>
    <button
      className="input-tile"
      onClick={[Function]}
      style={
        Object {
          "backgroundColor": undefined,
          "color": null,
          "gridColumn": "1/3",
        }
      }
      type="submit"
    >
      0
    </button>
    <button
      className="input-tile"
      onClick={[Function]}
      style={
        Object {
          "backgroundColor": undefined,
          "color": null,
          "gridColumn": undefined,
        }
      }
      type="submit"
    >
      .
    </button>
    <button
      className="input-tile"
      onClick={[Function]}
      style={
        Object {
          "backgroundColor": "#3d5a80",
          "color": "white",
          "gridColumn": undefined,
        }
      }
      type="submit"
    >
      =
    </button>
  </div>
</div>
`;

exports[`renders correctly 1`] = `
<div
  className="cal-card"
>
  <div
    className="math-box"
  >
    0
  </div>
  <div
    className="inputs-card"
  >
    <button
      className="input-tile"
      onClick={[Function]}
      style={
        Object {
          "backgroundColor": undefined,
          "color": null,
          "gridColumn": undefined,
        }
      }
      type="submit"
    >
      AC
    </button>
    <button
      className="input-tile"
      onClick={[Function]}
      style={
        Object {
          "backgroundColor": undefined,
          "color": null,
          "gridColumn": undefined,
        }
      }
      type="submit"
    >
      +/-
    </button>
    <button
      className="input-tile"
      onClick={[Function]}
      style={
        Object {
          "backgroundColor": undefined,
          "color": null,
          "gridColumn": undefined,
        }
      }
      type="submit"
    >
      %
    </button>
    <button
      className="input-tile"
      onClick={[Function]}
      style={
        Object {
          "backgroundColor": "#3d5a80",
          "color": "white",
          "gridColumn": undefined,
        }
      }
      type="submit"
    >
      ÷
    </button>
    <button
      className="input-tile"
      onClick={[Function]}
      style={
        Object {
          "backgroundColor": undefined,
          "color": null,
          "gridColumn": undefined,
        }
      }
      type="submit"
    >
      7
    </button>
    <button
      className="input-tile"
      onClick={[Function]}
      style={
        Object {
          "backgroundColor": undefined,
          "color": null,
          "gridColumn": undefined,
        }
      }
      type="submit"
    >
      8
    </button>
    <button
      className="input-tile"
      onClick={[Function]}
      style={
        Object {
          "backgroundColor": undefined,
          "color": null,
          "gridColumn": undefined,
        }
      }
      type="submit"
    >
      9
    </button>
    <button
      className="input-tile"
      onClick={[Function]}
      style={
        Object {
          "backgroundColor": "#3d5a80",
          "color": "white",
          "gridColumn": undefined,
        }
      }
      type="submit"
    >
      x
    </button>
    <button
      className="input-tile"
      onClick={[Function]}
      style={
        Object {
          "backgroundColor": undefined,
          "color": null,
          "gridColumn": undefined,
        }
      }
      type="submit"
    >
      4
    </button>
    <button
      className="input-tile"
      onClick={[Function]}
      style={
        Object {
          "backgroundColor": undefined,
          "color": null,
          "gridColumn": undefined,
        }
      }
      type="submit"
    >
      5
    </button>
    <button
      className="input-tile"
      onClick={[Function]}
      style={
        Object {
          "backgroundColor": undefined,
          "color": null,
          "gridColumn": undefined,
        }
      }
      type="submit"
    >
      6
    </button>
    <button
      className="input-tile"
      onClick={[Function]}
      style={
        Object {
          "backgroundColor": "#3d5a80",
          "color": "white",
          "gridColumn": undefined,
        }
      }
      type="submit"
    >
      -
    </button>
    <button
      className="input-tile"
      onClick={[Function]}
      style={
        Object {
          "backgroundColor": undefined,
          "color": null,
          "gridColumn": undefined,
        }
      }
      type="submit"
    >
      1
    </button>
    <button
      className="input-tile"
      onClick={[Function]}
      style={
        Object {
          "backgroundColor": undefined,
          "color": null,
          "gridColumn": undefined,
        }
      }
      type="submit"
    >
      2
    </button>
    <button
      className="input-tile"
      onClick={[Function]}
      style={
        Object {
          "backgroundColor": undefined,
          "color": null,
          "gridColumn": undefined,
        }
      }
      type="submit"
    >
      3
    </button>
    <button
      className="input-tile"
      onClick={[Function]}
      style={
        Object {
          "backgroundColor": "#3d5a80",
          "color": "white",
          "gridColumn": undefined,
        }
      }
      type="submit"
    >
      +
    </button>
    <button
      className="input-tile"
      onClick={[Function]}
      style={
        Object {
          "backgroundColor": undefined,
          "color": null,
          "gridColumn": "1/3",
        }
      }
      type="submit"
    >
      0
    </button>
    <button
      className="input-tile"
      onClick={[Function]}
      style={
        Object {
          "backgroundColor": undefined,
          "color": null,
          "gridColumn": undefined,
        }
      }
      type="submit"
    >
      .
    </button>
    <button
      className="input-tile"
      onClick={[Function]}
      style={
        Object {
          "backgroundColor": "#3d5a80",
          "color": "white",
          "gridColumn": undefined,
        }
      }
      type="submit"
    >
      =
    </button>
  </div>
</div>
`;
